// Jest Snapshot v1, https://goo.gl/fbAQLP

exports[`Personal Info Step renders form 1`] = `
<div>
  <div>
    <h2
      class="text-base font-semibold leading-7 text-gray-900 mb-3"
    >
      Dados Pessoais
    </h2>
    <div
      class="grid grid-cols-1 gap-x-6 gap-y-4 sm:grid-cols-6 mt-4"
    >
      <div
        class="sm:col-span-4"
      >
        <label
          class="block text-sm font-medium leading-6 text-gray-900"
          for="name"
        >
          Nome
        </label>
        <div
          class="mt-2"
        >
          <div
            class="flex rounded-md shadow-sm ring-1 ring-inset ring-gray-300 focus-within:ring-2 focus-within:ring-inset focus-within:ring-indigo-600"
          >
            <input
              class="block flex-1 border-0 bg-transparent py-1.5 pl-1 text-gray-900 placeholder:text-gray-400 focus:ring-0 sm:text-sm sm:leading-6"
              id="name"
              type="text"
            />
          </div>
        </div>
      </div>
      <div
        class="sm:col-span-2"
      >
        <label
          class="block text-sm font-medium leading-6 text-gray-900"
          for="age"
        >
          Idade
        </label>
        <div
          class="mt-2"
        >
          <div
            class="flex w-full rounded-md shadow-sm ring-1 ring-inset ring-gray-300 focus-within:ring-2 focus-within:ring-inset focus-within:ring-indigo-600"
          >
            <input
              class="block flex-1 w-full border-0 bg-transparent py-1.5 pl-1 text-gray-900 placeholder:text-gray-400 focus:ring-0 sm:text-sm sm:leading-6"
              id="age"
              type="number"
            />
          </div>
        </div>
      </div>
    </div>
  </div>
</div>
`;
